
Discarded input sections

 .comment       0x0000000000000000       0x35 build/core/kernel_main.o
 .note.GNU-stack
                0x0000000000000000        0x0 build/core/kernel_main.o

Memory Configuration

Name             Origin             Length             Attributes
*default*        0x0000000000000000 0xffffffffffffffff

Linker script and memory map

                0x0000000040000000                . = 0x40000000

.text.boot      0x0000000040000000      0x178
 *(.text.boot)
 .text.boot     0x0000000040000000      0x178 build/arch/boot/start.o
                0x0000000040000000                _start

.text.boot.stage2
                0x0000000040000178      0x128
 *(.text.boot.stage2)
 .text.boot.stage2
                0x0000000040000178      0x128 build/arch/boot/boot.o
                0x0000000040000178                boot_second_stage
                0x0000000040000800                . = ALIGN (0x800)

.vectors        0x0000000040000800        0x0
                0x0000000040000800                _vectors_start = .
                0x0000000040000800                vector_table = .
 *(.vectors)
                0x0000000040000800                _vectors_end = .

.text           0x0000000040000800      0x1a0
                0x0000000040000800                . = ALIGN (0x8)
 *(.text)
 .text          0x0000000040000800        0x0 build/arch/boot/start.o
 .text          0x0000000040000800       0x10 build/arch/boot/boot.o
 .text          0x0000000040000810        0x0 build/arch/interrupt/vector.o
 .text          0x0000000040000810       0xd8 build/arch/uart/uart.o
                0x0000000040000810                uart_init
                0x0000000040000858                uart_send_char
                0x00000000400008b4                uart_send_string
 *fill*         0x00000000400008e8        0x8 
 .text          0x00000000400008f0       0xb0 build/core/kernel_main.o
                0x00000000400008f0                kernel_main

.iplt           0x00000000400009a0        0x0
 .iplt          0x00000000400009a0        0x0 build/arch/boot/start.o

.vector         0x0000000040001000      0x868
 .vector        0x0000000040001000      0x868 build/arch/interrupt/vector.o

.rodata         0x0000000040001868      0x492
                0x0000000040001868                . = ALIGN (0x8)
 *(.rodata)
 .rodata        0x0000000040001868      0x109 build/arch/boot/start.o
 .rodata        0x0000000040001971       0xbb build/arch/boot/boot.o
 .rodata        0x0000000040001a2c      0x1b4 build/arch/interrupt/vector.o
 .rodata        0x0000000040001be0       0x71 build/arch/uart/uart.o
 *(.rodata.*)
 *fill*         0x0000000040001c51        0x7 
 .rodata.str1.8
                0x0000000040001c58       0xa2 build/core/kernel_main.o

.eh_frame       0x0000000040001d00       0x34
 .eh_frame      0x0000000040001d00       0x34 build/core/kernel_main.o
                                         0x38 (size before relaxing)

.rela.dyn       0x0000000040001d38        0x0
 .rela.iplt     0x0000000040001d38        0x0 build/arch/boot/start.o
 .rela.text.boot
                0x0000000040001d38        0x0 build/arch/boot/start.o

.data           0x0000000040001e00       0x40
                0x0000000040001e00                . = ALIGN (0x8)
                0x0000000040001e00                _data_start = .
 *(.data)
 .data          0x0000000040001e00        0x0 build/arch/boot/start.o
 .data          0x0000000040001e00       0x40 build/arch/boot/boot.o
 .data          0x0000000040001e40        0x0 build/arch/interrupt/vector.o
 .data          0x0000000040001e40        0x0 build/arch/uart/uart.o
 .data          0x0000000040001e40        0x0 build/core/kernel_main.o
                0x0000000040001e40                _data_end = .

.igot.plt       0x0000000040001e40        0x0
 .igot.plt      0x0000000040001e40        0x0 build/arch/boot/start.o

.bss            0x0000000040001e40        0x0
                0x0000000040001e40                . = ALIGN (0x8)
                0x0000000040001e40                __bss_start = .
 *(.bss)
 .bss           0x0000000040001e40        0x0 build/arch/boot/start.o
 .bss           0x0000000040001e40        0x0 build/arch/boot/boot.o
 .bss           0x0000000040001e40        0x0 build/arch/interrupt/vector.o
 .bss           0x0000000040001e40        0x0 build/arch/uart/uart.o
 .bss           0x0000000040001e40        0x0 build/core/kernel_main.o
 *(COMMON)
                0x0000000040001e40                __bss_end = .
                0x0000000040001e40                . = ALIGN (0x10)

.stack          0x0000000040001e40     0x4000
                0x0000000040001e40                __stack_start = .
                0x0000000040005e40                . = (. + 0x4000)
 *fill*         0x0000000040001e40     0x4000 
                0x0000000040005e40                __stack_top = .
                0x0000000040005e40                _end = .

/DISCARD/
 *(.comment)
 *(.note*)
LOAD build/arch/boot/start.o
LOAD build/arch/boot/boot.o
LOAD build/arch/interrupt/vector.o
LOAD build/arch/uart/uart.o
LOAD build/core/kernel_main.o
OUTPUT(bin/kernel.elf elf64-littleaarch64)
LOAD linker stubs

.debug_line     0x0000000000000000      0x2f9
 .debug_line    0x0000000000000000       0x8f build/arch/boot/start.o
 .debug_line    0x000000000000008f       0x9c build/arch/boot/boot.o
 .debug_line    0x000000000000012b       0x9a build/arch/interrupt/vector.o
 .debug_line    0x00000000000001c5       0x73 build/arch/uart/uart.o
 .debug_line    0x0000000000000238       0xc1 build/core/kernel_main.o

.debug_info     0x0000000000000000      0x285
 .debug_info    0x0000000000000000       0x2e build/arch/boot/start.o
 .debug_info    0x000000000000002e       0x22 build/arch/boot/boot.o
 .debug_info    0x0000000000000050       0x2e build/arch/interrupt/vector.o
 .debug_info    0x000000000000007e       0x2e build/arch/uart/uart.o
 .debug_info    0x00000000000000ac      0x1d9 build/core/kernel_main.o

.debug_abbrev   0x0000000000000000      0x160
 .debug_abbrev  0x0000000000000000       0x14 build/arch/boot/start.o
 .debug_abbrev  0x0000000000000014       0x12 build/arch/boot/boot.o
 .debug_abbrev  0x0000000000000026       0x14 build/arch/interrupt/vector.o
 .debug_abbrev  0x000000000000003a       0x14 build/arch/uart/uart.o
 .debug_abbrev  0x000000000000004e      0x112 build/core/kernel_main.o

.debug_aranges  0x0000000000000000      0x100
 .debug_aranges
                0x0000000000000000       0x30 build/arch/boot/start.o
 .debug_aranges
                0x0000000000000030       0x40 build/arch/boot/boot.o
 .debug_aranges
                0x0000000000000070       0x30 build/arch/interrupt/vector.o
 .debug_aranges
                0x00000000000000a0       0x30 build/arch/uart/uart.o
 .debug_aranges
                0x00000000000000d0       0x30 build/core/kernel_main.o

.debug_str      0x0000000000000000      0x1d5
 .debug_str     0x0000000000000000      0x1d5 build/arch/boot/start.o
                                         0x68 (size before relaxing)
 .debug_str     0x00000000000001d5       0x67 build/arch/boot/boot.o
 .debug_str     0x00000000000001d5       0x6e build/arch/interrupt/vector.o
 .debug_str     0x00000000000001d5       0x67 build/arch/uart/uart.o
 .debug_str     0x00000000000001d5      0x154 build/core/kernel_main.o

.debug_ranges   0x0000000000000000       0x40
 .debug_ranges  0x0000000000000000       0x40 build/arch/boot/boot.o

.debug_loclists
                0x0000000000000000       0x2f
 .debug_loclists
                0x0000000000000000       0x2f build/core/kernel_main.o

.debug_rnglists
                0x0000000000000000       0x14
 .debug_rnglists
                0x0000000000000000       0x14 build/core/kernel_main.o

.debug_line_str
                0x0000000000000000       0xbe
 .debug_line_str
                0x0000000000000000       0xbe build/core/kernel_main.o
                                        0x121 (size before relaxing)
